RESUME: 0 completed runs found
[001/100] rc=0 weighted=91.0091 cpu=91.1665639995915
[002/100] rc=1 weighted=92.2364 cpu=92.41250965641649
[003/100] rc=1 weighted=92.2364 cpu=92.41250965641649
[004/100] rc=1 weighted=92.2364 cpu=92.41250965641649
[005/100] rc=1 weighted=92.2364 cpu=92.41250965641649
[006/100] rc=1 weighted=92.2364 cpu=92.41250965641649
[007/100] rc=1 weighted=92.2364 cpu=92.41250965641649
[008/100] rc=1 weighted=92.2364 cpu=92.41250965641649
[009/100] rc=1 weighted=92.2364 cpu=92.41250965641649
[010/100] rc=1 weighted=92.2364 cpu=92.41250965641649
[011/100] rc=1 weighted=92.2364 cpu=92.41250965641649
[012/100] rc=1 weighted=92.2364 cpu=92.41250965641649
[013/100] rc=1 weighted=92.2364 cpu=92.41250965641649
[014/100] rc=1 weighted=92.2364 cpu=92.41250965641649
[015/100] rc=1 weighted=92.2364 cpu=92.41250965641649
[016/100] rc=1 weighted=92.2364 cpu=92.41250965641649
[017/100] rc=1 weighted=92.2364 cpu=92.41250965641649
[018/100] rc=1 weighted=92.2364 cpu=92.41250965641649
[019/100] rc=1 weighted=92.2364 cpu=92.41250965641649
[020/100] rc=1 weighted=92.2364 cpu=92.41250965641649
[021/100] rc=1 weighted=92.2364 cpu=92.41250965641649
[022/100] rc=1 weighted=92.2364 cpu=92.41250965641649
[023/100] rc=1 weighted=92.2364 cpu=92.41250965641649
[024/100] rc=1 weighted=92.2364 cpu=92.41250965641649
[025/100] rc=1 weighted=92.2364 cpu=92.41250965641649
[026/100] rc=1 weighted=92.2364 cpu=92.41250965641649
[027/100] rc=1 weighted=92.2364 cpu=92.41250965641649
[028/100] rc=1 weighted=92.2364 cpu=92.41250965641649
[029/100] rc=1 weighted=92.2364 cpu=92.41250965641649
[030/100] rc=1 weighted=92.2364 cpu=92.41250965641649
[031/100] rc=1 weighted=92.2364 cpu=92.41250965641649
[032/100] rc=1 weighted=92.2364 cpu=92.41250965641649
[033/100] rc=1 weighted=92.2364 cpu=92.41250965641649
[034/100] rc=1 weighted=92.2364 cpu=92.41250965641649
[035/100] rc=1 weighted=92.2364 cpu=92.41250965641649
[036/100] rc=1 weighted=92.2364 cpu=92.41250965641649
[037/100] rc=1 weighted=92.2364 cpu=92.41250965641649
[038/100] rc=1 weighted=92.2364 cpu=92.41250965641649
[039/100] rc=1 weighted=92.2364 cpu=92.41250965641649
[040/100] rc=1 weighted=92.2364 cpu=92.41250965641649
[041/100] rc=1 weighted=92.2364 cpu=92.41250965641649
[042/100] rc=1 weighted=92.2364 cpu=92.41250965641649
[043/100] rc=1 weighted=92.2364 cpu=92.41250965641649
[044/100] rc=1 weighted=92.2364 cpu=92.41250965641649
[045/100] rc=1 weighted=92.2364 cpu=92.41250965641649
[046/100] rc=1 weighted=92.2364 cpu=92.41250965641649
[047/100] rc=1 weighted=92.2364 cpu=92.41250965641649
[048/100] rc=1 weighted=92.2364 cpu=92.41250965641649
[049/100] rc=1 weighted=92.2364 cpu=92.41250965641649
[050/100] rc=1 weighted=92.2364 cpu=92.41250965641649
[051/100] rc=1 weighted=92.2364 cpu=92.41250965641649
[052/100] rc=1 weighted=92.2364 cpu=92.41250965641649
[053/100] rc=1 weighted=92.2364 cpu=92.41250965641649
[054/100] rc=1 weighted=92.2364 cpu=92.41250965641649
[055/100] rc=1 weighted=92.2364 cpu=92.41250965641649
[056/100] rc=1 weighted=92.2364 cpu=92.41250965641649
[057/100] rc=1 weighted=92.2364 cpu=92.41250965641649
[058/100] rc=1 weighted=92.2364 cpu=92.41250965641649
[059/100] rc=1 weighted=92.2364 cpu=92.41250965641649
[060/100] rc=1 weighted=92.2364 cpu=92.41250965641649
[061/100] rc=1 weighted=92.2364 cpu=92.41250965641649
[062/100] rc=1 weighted=92.2364 cpu=92.41250965641649
[063/100] rc=1 weighted=92.2364 cpu=92.41250965641649
[064/100] rc=1 weighted=92.2364 cpu=92.41250965641649
[065/100] rc=1 weighted=92.2364 cpu=92.41250965641649
[066/100] rc=1 weighted=92.2364 cpu=92.41250965641649
[067/100] rc=1 weighted=92.2364 cpu=92.41250965641649
[068/100] rc=1 weighted=92.2364 cpu=92.41250965641649
[069/100] rc=1 weighted=92.2364 cpu=92.41250965641649
[070/100] rc=1 weighted=92.2364 cpu=92.41250965641649
[071/100] rc=1 weighted=92.2364 cpu=92.41250965641649
[072/100] rc=1 weighted=92.2364 cpu=92.41250965641649
[073/100] rc=1 weighted=92.2364 cpu=92.41250965641649
[074/100] rc=1 weighted=92.2364 cpu=92.41250965641649
[075/100] rc=1 weighted=92.2364 cpu=92.41250965641649
[076/100] rc=1 weighted=92.2364 cpu=92.41250965641649
[077/100] rc=1 weighted=92.2364 cpu=92.41250965641649
[078/100] rc=1 weighted=92.2364 cpu=92.41250965641649
[079/100] rc=1 weighted=92.2364 cpu=92.41250965641649
[080/100] rc=1 weighted=92.2364 cpu=92.41250965641649
[081/100] rc=1 weighted=92.2364 cpu=92.41250965641649
[082/100] rc=1 weighted=92.2364 cpu=92.41250965641649
[083/100] rc=1 weighted=92.2364 cpu=92.41250965641649
[084/100] rc=1 weighted=92.2364 cpu=92.41250965641649
[085/100] rc=1 weighted=92.2364 cpu=92.41250965641649
[086/100] rc=1 weighted=92.2364 cpu=92.41250965641649
[087/100] rc=1 weighted=92.2364 cpu=92.41250965641649
[088/100] rc=1 weighted=92.2364 cpu=92.41250965641649
[089/100] rc=1 weighted=92.2364 cpu=92.41250965641649
[090/100] rc=1 weighted=92.2364 cpu=92.41250965641649
[091/100] rc=1 weighted=92.2364 cpu=92.41250965641649
[092/100] rc=1 weighted=92.2364 cpu=92.41250965641649
[093/100] rc=1 weighted=92.2364 cpu=92.41250965641649
[094/100] rc=1 weighted=92.2364 cpu=92.41250965641649
[095/100] rc=1 weighted=92.2364 cpu=92.41250965641649
[096/100] rc=1 weighted=92.2364 cpu=92.41250965641649
[097/100] rc=1 weighted=92.2364 cpu=92.41250965641649
[098/100] rc=1 weighted=92.2364 cpu=92.41250965641649
[099/100] rc=1 weighted=92.2364 cpu=92.41250965641649
[100/100] rc=1 weighted=92.2364 cpu=92.41250965641649
DONE
{
  "batch_id": "v4_after_greedy_100x100_20260319_233208",
  "total_runs": 100,
  "valid_scored_runs": 100,
  "base_weighted_greedy": 92.7077,
  "best_weighted_avg_depth": 91.0091,
  "worst_weighted_avg_depth": 92.2364,
  "mean_weighted_avg_depth": 92.22412700000001,
  "median_weighted_avg_depth": 92.2364,
  "runs_better_than_greedy": 100,
  "runs_at_or_worse_than_greedy": 0,
  "best_improvement_percent": 1.8322,
  "mean_improvement_percent": 0.5216379999999999
}
